안동 3 Korea-Andong Hahoe Folk Village crop | Bronze bell at Gwangheungsa temple i | Bronze bell at Gwangheungsa temple i
군산 3 Gunsan city 2.jpg | Gunsanhistorym.jpg | Entrance of Gunsan Modern History Mu
문경 3 Mungyeong birches 2.jpg | Mungyeong grave.jpg | Saejae Bubong.jpg
영덕 0 
울진 3 Uljin bus terminal 20170429.jpg | Typhoon Saomai (2000) in Uljin (3).j | Typhoon Saomai (2000) in Uljin (2).j
rate limit, retry 1
rate limit, retry 2
rate limit, retry 3
rate limit, retry 4
삼척 3 Korea-Samcheok-Rural scenery in spri | Korea-Samcheok-Beach-01.jpg | Korea-Samcheok-Neowajip-Shingled hou
동해 3 Korail Donghae Station Panel.jpg | Donghae station.JPG | Samhwasa (2).jpg
정선 3 Korea-Jeongseon-Boiled octopus at a  | Korea-Jeongseon-Making Korean pancak | Korea-Jeongseon-Various Korean panca
rate limit, retry 1
rate limit, retry 2
rate limit, retry 3
rate limit, retry 4
태백 3 Korail Taebaek Triangle Line2.jpg | Town at the Foot of the Mountain.jpg | Taebaek Winter Festival.jpg
인제 3 Inje Speedium Racing Team.JPG | Inje Univ. Station.jpg | Baek Inje House backyard.jpg
양양 3 Korea-Naksansa 2215-07 grounds.JPG | Yang profile pic.jpg | Yang yang 2016 paris france.jpg
홍천 3 Hongcheon IMG 2530.JPG | Jungang Expwy Busan Dir in Chuncheon | Jungang Expwy Gulji TN-Hongcheon IC(
rate limit, retry 1
rate limit, retry 2
rate limit, retry 3
rate limit, retry 4
단양 3 Korea-Danyang Falls 3065-07.JPG | Korea-Danyang Bridge 3067-07.JPG | Korea-Danyang Bridge 3071-07.JPG
충주 3 Korea-Chungju-Mountain-01.jpg | Korea-Chungju-Road-01.jpg | Chungju City Hall.JPG
제천 3 Korea-Jecheon-Cheongpung Cultural Pr | Korea-Jecheon-Cheongpung Cultural Pr | Korea-Jecheon-Cheongpung Cultural Pr
rate limit, retry 1
rate limit, retry 2
rate limit, retry 3
rate limit, retry 4
공주 3 Korea-Gongju-Gongsanseong-01.jpg | Korea-Gongju-Gongsanseong-03.jpg | Korea-Gongju-Gongsanseong-04.jpg
보령 3 Korea-Boryeong Mud Festival-01.jpg | Korea-Boryeong Mud Festival-29.jpg | Korea-Boryeong Mud Festival-35.jpg
태안 3 Standing Buddha Triad Carved on the  | Standing Buddha Triad Carved on the  | Standing Rock-carved Buddha Triad at
rate limit, retry 1
rate limit, retry 2
rate limit, retry 3
rate limit, retry 4
서산 3 서산시 전경.jpg | Seosan montage.jpg | Sinosuthora webbiana in nest.jpg
부안 3 Korea-Buan County-Sunset from Naesos | Korea-Buan County-Naesosa-Cheonwangm | Korea-Buan County-Naesosa-Cheonwangm
고창 3 Gochang Dolmen Sites - 1.JPG | Gochang Dolmen Sites - 2.JPG | Korea-Gwangju-Gochang Dolmens 5350-0
순창 0 
rate limit, retry 1
rate limit, retry 2
rate limit, retry 3
rate limit, retry 4
rate limit, retry 5
보성 Korea-Boseong API failed: https://commons.wikimedia.org/w/api.php?action=query&list=search&srsearch=Korea-
보성 3 Korea-Boseong-Green.tea-02.jpg | Korea-Boseong-Green.tea-04.jpg | Korea-Boseong-Green.tea-06.jpg
구례 3 Korea-Gurye-Hwaeomsa 4982-06.JPG | Korea-Gurye-Hwaeomsa 5017-06.JPG | Korea-Gurye-Hwaeomsa 5025-06.JPG
하동 3 Korea-Hadong-Hwagae.jangteo-Market-0 | Korea Electric Power Corporation Had | Hadong Station 20160815 155002.jpg
합천 3 Hapcheon county assembly.jpg | Hapcheon courthouse.jpg | Hapcheon Daeyaseong wall.jpg
rate limit, retry 1
rate limit, retry 2
rate limit, retry 3
rate limit, retry 4
rate limit, retry 5
거제 Geoje island Korea API failed: https://commons.wikimedia.org/w/api.php?action=query&list=search&srsearch=Geoje%
거제 3 Korea-Geoje-Gohyeon Castle-02.jpg | Geoje Samsung Hotel korea.JPG | Okpo mountain view.jpg
통영 3 Korea-Tongyeong-Cityscape-01.jpg | Korea-Tongyeong-Cityscape-06.jpg | Korea-Tongyeong-Cityscape-07.jpg
남해 3 Korea-Namhae-German Village-Bossam-0 | Namhae Bridge.jpg | NamhaeBridge-N.jpg
rate limit, retry 1
rate limit, retry 2
rate limit, retry 3
rate limit, retry 4
완도 3 On a ferry, Korea.jpg | On a ferry, Korea2.jpg | Wando-gun Office.JPG
진도 3 Jindo Bridge.jpg | Jindo Bridge-2.jpg | Jindo 024.JPG
고흥 3 Korea-Goheung-Goheung County Bus.JPG | Korea - Goheung-gun - Narado Beach p | Goheung County Office.jpg
강진 3 Doenjang in Jangdok Gangjin South Ko | Korean pottery-jangdoks in Gangjin J | Doenjang in Jangdok Gangjin South Ko
rate limit, retry 1
rate limit, retry 2
rate limit, retry 3
rate limit, retry 4
장흥 3 Korea-Jangheung-Jeungsanji-01.jpg | Western Stone Stupa at Borimsa templ | Stupa for master Bojo at Borimsa tem
담양 3 Korea-Damyang-Soswaewon-02.jpg | Korea-Damyang-Bamboo Forest near Sos | Korea-Damyang-Bamboo Forest near Sos
무주 3 Entrance to Muju IC night.jpg | Muju Mupung Post Office.jpg | Korean 5th local election ballot pap
rate limit, retry 1
rate limit, retry 2
rate limit, retry 3
rate limit, retry 4
임실 3 SungSu elementary school.jpg | SungSu elementary school2.jpg | Imsilgun County 43 (16850101932).jpg
익산 3 Iksan - Young Deung Dong.jpg | Iksan City 48 Korean Style Fried chi | Mireuksa, Iksan 2015.jpg
포천 3 Korea-Pocheon-Herb Island-Sunflower  | 포천 아트밸리 beeniru 16.JPG | 포천 아트밸리 beeniru 4.JPG
rate limit, retry 1
rate limit, retry 2
rate limit, retry 3
rate limit, retry 4
양평 3 Yangpyeong Bus Information System.jp | Yangpyeong-eup.JPG | Jungang Line Yangsu Bridge and Old J
파주 3 Mangbaedan, Imjingak, Paju, South Ko | Civilian Control Line, Imjingak, Paj | Persicaria senticosa in Paju, Korea 
강화도 3 Jonghae-ru, the gate of Jeongjogsans | Dolmen at Ganghwa Island.jpg | An Alley in Ganghwa Island.jpg
울릉도 3 Ulleung-30km.jpg | KOCIS Port Taeha, Ulleungdo (4925990 | KOCIS Ulleungdo, or Ulleung Island (
rate limit, retry 1
rate limit, retry 2
rate limit, retry 3
rate limit, retry 4
추자도 3 Caromiobenella ohtsukai (10.3897-zoo | Caromiobenella ohtsukai (10.3897-zoo | Caromiobenella ohtsukai (10.3897-zoo
섬진강 3 Seomjingang MS3672.JPG | Imsilgun County 60 (16850097752).jpg | Imsilgun County 64 (16665110419).jpg
순천만 3 Panorama of Reed fields in Suncheon  | Suncheon Bay Ecological Park - Flick | Suncheon Bay Ecological Park.jpg

Done: /Users/mungyubin/Desktop/Code/MyTravel/scripts/gallery-data.json
