안동 4 Korea-Andong-Nakdong_River-03.jpg | Korea-Andong-Inside_of_Andong_Market-01.jp | Korea-Andong-Hahoe_Folk_Village-22.jpg | Hahoe_Folk_Village_05.jpg
군산 manual 4
rate limit, retry 1
rate limit, retry 2
rate limit, retry 3
rate limit, retry 4
문경 0 (empty)
영덕 0 (empty)
울진 0 (empty)
rate limit, retry 1
rate limit, retry 2
rate limit, retry 3
rate limit, retry 4
rate limit, retry 5
삼척 2 Korea-Samcheok-Rural_scenery_in_spring-01. | Korea-Samcheok-Beach-01.jpg
동해 0 (empty)
rate limit, retry 1
rate limit, retry 2
rate limit, retry 3
rate limit, retry 4
rate limit, retry 5
정선 0 (empty)
태백 4 127-GK-234J-A5408_Treadway_bridge_through_ | Town_at_the_Foot_of_the_Mountain.jpg | A5408_Treadway_bridge_through_Funchilin_Pa | Taebaeksan_main_peaks_from_Munsubong.jpg
인제 manual 3
rate limit, retry 1
rate limit, retry 2
rate limit, retry 3
rate limit, retry 4
rate limit, retry 5
양양 4 Gangwon_coast.JPG | Naksan_temple%2C_%EB%82%99%EC%82%B0%EC%82% | Naksansa%2C_naksan_temple_uisangdae%2C_%EB | %EB%82%99%EC%82%B0%EC%82%AC_naksan_temple.
홍천 1 Korea-Hongcheon-gun-map.png
rate limit, retry 1
rate limit, retry 2
rate limit, retry 3
rate limit, retry 4
rate limit, retry 5
단양 0 (empty)
충주 3 Korea-Chungju-Mountain-01.jpg | Korea-Chungju-Road-01.jpg | Korea-Jecheon-Cheongpung_Cultural_Properti
rate limit, retry 1
rate limit, retry 2
rate limit, retry 3
rate limit, retry 4
rate limit, retry 5
제천 1 Korea-Jecheon-Cheongpung_Cultural_Properti
rate limit, retry 1
rate limit, retry 2
rate limit, retry 3
rate limit, retry 4
rate limit, retry 5
공주 4 Korea-Gongju-Gongsanseong-01.jpg | Korea-Gongju-Gongsanseong-03.jpg | Korea-Gongju-Gongsanseong-04.jpg | View_of_Gongju_02.jpg
보령 4 Korea-Boreyong-Daecheon_Beach-09.jpg | Korea-Boreyong-Daecheon_Beach-01.jpg | Korea-Boreyong-Daecheon_Beach-02.jpg | Korea-Boreyong-Daecheon_Beach-03.jpg
rate limit, retry 1
rate limit, retry 2
rate limit, retry 3
rate limit, retry 4
rate limit, retry 5
태안 0 (empty)
서산 0 (empty)
부안 4 Korea-Buan_County-Sunset_from_Naesosa-01.j | Korea-Buan_County-Naesosa-Cheonwangmun-02. | Korea-Buan_County-Naesosa-Cheonwangmun-03. | Korea-Buan_County-Naesosa-Zelkova-02.jpg
rate limit, retry 1
rate limit, retry 2
rate limit, retry 3
rate limit, retry 4
rate limit, retry 5
고창 4 Korea-Hwasun_Dolmen_sites02.jpg | Gochang_Dolmens_Skyline%2C_South_Korea.jpg | Gochang_Dolmens%2C_South_Korea.jpg | Gochang_Dolmen_Sites_-_1.JPG
순창 0 (empty)
rate limit, retry 1
rate limit, retry 2
rate limit, retry 3
rate limit, retry 4
rate limit, retry 5
보성 4 Korea-Boseong-Green.tea-04.jpg | Korea-Boseong-Green.tea-05.jpg | Korea-Boseong-Green.tea-06.jpg | Korea-Boseong-Green.tea-08.jpg
rate limit, retry 1
rate limit, retry 2
rate limit, retry 3
rate limit, retry 4
rate limit, retry 5
구례 0 (empty)
하동 0 (empty)
rate limit, retry 1
rate limit, retry 2
rate limit, retry 3
rate limit, retry 4
rate limit, retry 5
합천 4 Haeinsa_Temple_11.jpg | Haeinsa_Temple_04.jpg | Haeinsa_Temple_12.jpg | Haeinsa_Temple_03.jpg
거제 4 Korea-Geoje-Gohyeon_Castle-02.jpg | Korea-Geoje-Gohyeon_Castle-01.jpg | First_Busan%E2%80%93Geoje_Bridge3.jpg | Geoje_Island%2C_South_Korea_%281%29.jpg
통영 4 Korea-Tongyeong-Cityscape-01.jpg | Korea-Tongyeong-Cityscape-06.jpg | Korea-Tongyeong-Cityscape-07.jpg | Korea-Tongyeong-Port_and_ships-02.jpg
rate limit, retry 1
rate limit, retry 2
rate limit, retry 3
rate limit, retry 4
rate limit, retry 5
rate limit, retry 6
남해 wiki API failed
남해 4 Korea-Namhae-German_Village-Bossam-01.jpg | Noryang_Bridge_and_Namhae_Bridge_aerial.jp | German_Village_in_Namhae%2C_South_Korea_on | View_of_German_Village_in_Namhae%2C_South_
완도 4 Sinji_Bridge.JPG | Cheonghae_Bridge.JPG | Wando_Bridge.JPG | Wando_Wondong_port.JPG
rate limit, retry 1
rate limit, retry 2
rate limit, retry 3
rate limit, retry 4
rate limit, retry 5
진도 2 Jindo_Bridge.jpg | Jindo_Bridge-2.jpg
고흥 2 Korea-Goheung-Jonsimdang_and_Amun_4307%268 | Korea_-_Goheung-gun_-_Narado_Beach_panoram
rate limit, retry 1
rate limit, retry 2
rate limit, retry 3
rate limit, retry 4
rate limit, retry 5
강진 0 (empty)
rate limit, retry 1
rate limit, retry 2
rate limit, retry 3
rate limit, retry 4
rate limit, retry 5
장흥 4 Korea-Jangheung-Jeungsanji-01.jpg | Korea-Jangheung-Jeungsanji-01_%28cropped%2 | Stele_of_master_Bojo_at_Borimsa_temple_in_ | Stupa_for_master_Bojo_at_Borimsa_temple_in
담양 4 Korea-Damyang-Yeongsan_River_at_Sunset-01. | Korea-Damyang-Bamboo_Forest_near_Soswaewon | Korea-Damyang-Bamboo_Forest_near_Soswaewon | Korea-Damyang-Bamboo_Forest_near_Soswaewon
무주 manual 4
임실 0 (empty)
rate limit, retry 1
rate limit, retry 2
rate limit, retry 3
rate limit, retry 4
rate limit, retry 5
익산 4 Flagpole_Supports_of_Mireuksa_Temple_20250 | Flagpole_Supports_of_Mireuksa_Temple_20250 | Flagpole_Supports_of_Mireuksa_Temple_20250 | Flagpole_Supports_of_Mireuksa_Temple_20250
포천 4 Korea-Pocheon-Herb_Island-Sunflower_an_oth | ArtValleyInKorea_1.jpg | ArtValleyInKorea.jpg | Art_Valley_In_Korea_%2865750913%29.jpeg
rate limit, retry 1
rate limit, retry 2
rate limit, retry 3
rate limit, retry 4
rate limit, retry 5
양평 4 Jungang_Line_Yangsu_Bridge_and_Old_Jungang | Jungang_Line_Yangsu_Bridge_and_Old_Jungang | Jungang_Line_Yangsu_Bridge_and_Old_Jungang | Namhan_River_01.jpg
rate limit, retry 1
rate limit, retry 2
rate limit, retry 3
rate limit, retry 4
rate limit, retry 5
rate limit, retry 6
파주 resolve API failed
파주 4 Heyri_Artvalley_12_%2831970591991%29.jpg | Heyri_Artvalley_01_%2831713169650%29.jpg | Heyri_Artvalley_11_%2831247307714%29.jpg | Heyri_Artvalley_08_%2832049448496%29.jpg
강화도 4 Korea-Hwasun_Dolmen_sites02.jpg | Korea-Hwasun_Dolmen_sites05.jpg | Korea-Hwasun_Dolmen_sites06.jpg | Dolmen_at_Ganghwa_Island.jpg
rate limit, retry 1
rate limit, retry 2
rate limit, retry 3
rate limit, retry 4
rate limit, retry 5
울릉도 1 Ulleung_Island_ISS064.jpg
추자도 4 NMCB_4_Seabees_and_ROK_NMCS_2_Seabees_Work | NMCB_4_Seabees_and_ROK_NMCS_2_Seabees_Work | NMCB_4_Seabees_and_ROK_NMCS_2_Seabees_Work | NMCB_4_Seabees_and_ROK_NMCS_2_Seabees_Work
rate limit, retry 1
rate limit, retry 2
rate limit, retry 3
rate limit, retry 4
rate limit, retry 5
섬진강 1 Seomjin_Bridge2.JPG
순천만 4 Panorama_of_Reed_fields_in_Suncheon_bay.jp | 20181231_Suncheon_Bay_003.jpg | 20181231_Suncheon_Bay_001.jpg | Suncheon_bay_banner.jpg

Wrote /Users/mungyubin/Desktop/Code/MyTravel/scripts/scenic-gallery.json
